// Jest Snapshot v1, https://goo.gl/fbAQLP

exports[`Button matches snapshot 1`] = `
<div>
  <button
    class="flex items-center gap-x-2 font-semibold transition shadow-button border text-sm h-10 leading-4 px-4 py-[9px] rounded-lg bg-primary-700 text-white border-transparent hover:bg-primary-800 focus:shadow-button-focused-primary disabled:bg-primary-400"
    type="button"
  >
    Click me
  </button>
</div>
`;

exports[`Button matches snapshot when loading 1`] = `
<div>
  <button
    class="flex items-center gap-x-2 font-semibold transition shadow-button border text-sm h-10 leading-4 pointer-events-none px-4 py-[9px] rounded-lg bg-primary-700 text-white border-transparent hover:bg-primary-800 focus:shadow-button-focused-primary disabled:bg-primary-400"
    type="button"
  >
    <div
      class="flex items-center h-5 text-base"
    >
      <svg
        class="text-[40px]"
        height="1em"
        viewBox="0 0 24 24"
        width="1em"
        xmlns="http://www.w3.org/2000/svg"
      >
        <circle
          cx="18"
          cy="12"
          fill="currentColor"
          r="0"
        >
          <animate
            attributeName="r"
            begin="0.67"
            calcMode="spline"
            dur="1.5s"
            keySplines="0.2 0.2 0.4 0.8;0.2 0.2 0.4 0.8;0.2 0.2 0.4 0.8"
            repeatCount="indefinite"
            values="0;2;0;0"
          />
        </circle>
        <circle
          cx="12"
          cy="12"
          fill="currentColor"
          r="0"
        >
          <animate
            attributeName="r"
            begin="0.33"
            calcMode="spline"
            dur="1.5s"
            keySplines="0.2 0.2 0.4 0.8;0.2 0.2 0.4 0.8;0.2 0.2 0.4 0.8"
            repeatCount="indefinite"
            values="0;2;0;0"
          />
        </circle>
        <circle
          cx="6"
          cy="12"
          fill="currentColor"
          r="0"
        >
          <animate
            attributeName="r"
            begin="0"
            calcMode="spline"
            dur="1.5s"
            keySplines="0.2 0.2 0.4 0.8;0.2 0.2 0.4 0.8;0.2 0.2 0.4 0.8"
            repeatCount="indefinite"
            values="0;2;0;0"
          />
        </circle>
      </svg>
    </div>
  </button>
</div>
`;
